
> tuhfina-creation@1.0.0 build
> next build

  Γû▓ Next.js 14.2.35
  - Environments: .env.local, .env

   Creating an optimized production build ...
 Γ£ô Compiled successfully
   Linting and checking validity of types ...
npm : 
At line:1 char:1
+ npm run build > build_output.txt 2>&1
+ ~~~~~~~~~~~~~~~~~~~~~~~~~~~~~~~~~~~~~
    + CategoryInfo          : NotSpecified: (:String) [], RemoteException
    + FullyQualifiedErrorId : NativeCommandError
 
Failed to compile.

./app/about/page.tsx
74:189  Error: `'` can be escaped with `&apos;`, `&lsquo;`, `&#39;`, `&rsquo;`.  react/no-unescaped-entities
195:94  Error: `"` can be escaped with `&quot;`, `&ldquo;`, `&#34;`, `&rdquo;`.  react/no-unescaped-entities
195:116  Error: `"` can be escaped with `&quot;`, `&ldquo;`, `&#34;`, `&rdquo;`.  react/no-unescaped-entities

./app/admin/page.tsx
68:8  Warning: React Hook useEffect has a missing dependency: 'router'. Either include it or remove the dependency 
array.  react-hooks/exhaustive-deps
456:45  Warning: Using `<img>` could result in slower LCP and higher bandwidth. Consider using `<Image />` from 
`next/image` to automatically optimize images. This may incur additional usage or cost from your provider. See: 
https://nextjs.org/docs/messages/no-img-element  @next/next/no-img-element
635:49  Warning: Using `<img>` could result in slower LCP and higher bandwidth. Consider using `<Image />` from 
`next/image` to automatically optimize images. This may incur additional usage or cost from your provider. See: 
https://nextjs.org/docs/messages/no-img-element  @next/next/no-img-element
783:53  Warning: Using `<img>` could result in slower LCP and higher bandwidth. Consider using `<Image />` from 
`next/image` to automatically optimize images. This may incur additional usage or cost from your provider. See: 
https://nextjs.org/docs/messages/no-img-element  @next/next/no-img-element

./app/cart/page.tsx
32:8  Warning: React Hook useEffect has a missing dependency: 'loadCartDetails'. Either include it or remove the 
dependency array.  react-hooks/exhaustive-deps
111:45  Warning: Using `<img>` could result in slower LCP and higher bandwidth. Consider using `<Image />` from 
`next/image` to automatically optimize images. This may incur additional usage or cost from your provider. See: 
https://nextjs.org/docs/messages/no-img-element  @next/next/no-img-element

./app/checkout/page.tsx
53:8  Warning: React Hook useEffect has missing dependencies: 'loadCartDetails' and 'router'. Either include them or 
remove the dependency array.  react-hooks/exhaustive-deps
348:49  Warning: Using `<img>` could result in slower LCP and higher bandwidth. Consider using `<Image />` from 
`next/image` to automatically optimize images. This may incur additional usage or cost from your provider. See: 
https://nextjs.org/docs/messages/no-img-element  @next/next/no-img-element

./app/dashboard/page.tsx
32:6  Warning: React Hook useEffect has missing dependencies: 'loadOrders' and 'router'. Either include them or remove 
the dependency array.  react-hooks/exhaustive-deps
193:29  Warning: Using `<img>` could result in slower LCP and higher bandwidth. Consider using `<Image />` from 
`next/image` to automatically optimize images. This may incur additional usage or cost from your provider. See: 
https://nextjs.org/docs/messages/no-img-element  @next/next/no-img-element

./app/product/[id]/page.tsx
33:8  Warning: React Hook useEffect has a missing dependency: 'loadProduct'. Either include it or remove the 
dependency array.  react-hooks/exhaustive-deps
133:33  Warning: Using `<img>` could result in slower LCP and higher bandwidth. Consider using `<Image />` from 
`next/image` to automatically optimize images. This may incur additional usage or cost from your provider. See: 
https://nextjs.org/docs/messages/no-img-element  @next/next/no-img-element
159:41  Warning: Using `<img>` could result in slower LCP and higher bandwidth. Consider using `<Image />` from 
`next/image` to automatically optimize images. This may incur additional usage or cost from your provider. See: 
https://nextjs.org/docs/messages/no-img-element  @next/next/no-img-element
255:49  Warning: Using `<img>` could result in slower LCP and higher bandwidth. Consider using `<Image />` from 
`next/image` to automatically optimize images. This may incur additional usage or cost from your provider. See: 
https://nextjs.org/docs/messages/no-img-element  @next/next/no-img-element

./app/shop/page.tsx
21:8  Warning: React Hook useEffect has a missing dependency: 'loadProducts'. Either include it or remove the 
dependency array.  react-hooks/exhaustive-deps
103:41  Warning: Using `<img>` could result in slower LCP and higher bandwidth. Consider using `<Image />` from 
`next/image` to automatically optimize images. This may incur additional usage or cost from your provider. See: 
https://nextjs.org/docs/messages/no-img-element  @next/next/no-img-element

info  - Need to disable some ESLint rules? Learn more here: 
https://nextjs.org/docs/basic-features/eslint#disabling-rules


